// Jest Snapshot v1, https://goo.gl/fbAQLP

exports[`normal 1`] = `ShallowWrapper {}`;
